[www.yourpokerdream.com/online-poker/e-wallets/comparsion-neteller-vs-skrill-vs-ecopayz/index.html]
[backblue.gif]
[fade.gif]
[index.html]
[www.yourpokerdream.com/online-poker/e-wallets/comparsion-neteller-vs-skrill-vs-ecopayz/feed/index.html]
[ypd-1240c.kxcdn.com/wp-content/plugins/wp-rocket/inc/front/img/youtube.png]
[ypd-1240c.kxcdn.com/wp-content/uploads/2019/04/yourpokerdream_logo.png]
[de.yourpokerdream.com/wp-content/uploads/2014/09/neteller-logo.jpg]
[www.yourpokerdream.com/online-poker/e-wallets/comparsion-neteller-vs-skrill-vs-ecopayz/amp/index.html]
[de.yourpokerdream.com/wp-content/uploads/2018/02/Skrill.png]
[de.yourpokerdream.com/wp-content/uploads/2019/03/ecopayz.png]
[ypd-1240c.kxcdn.com/wp-content/uploads/2019/05/begambleaware.png]
[www.yourpokerdream.com/analytics.js]
[www.yourpokerdream.com/online-poker/e-wallets/comparsion-neteller-vs-skrill-vs-ecopayz/index.html]
[cdn.ampproject.org/v0.js]
[cdn.ampproject.org/v0/amp-youtube-latest.js]
[cdn.ampproject.org/v0/amp-position-observer-0.1.js]
[cdn.ampproject.org/v0/amp-animation-0.1.js]
[cdn.ampproject.org/v0/amp-sidebar-0.1.js]
[cdn.ampproject.org/v0/amp-analytics-0.1.js]
[img.icons8.com/color/100/000000/facebook-messenger.png]
[www.yourpokerdream.com/wp-content/uploads/2019/04/yourpokerdream_logo.png]
[www.yourpokerdream.com/wp-content/plugins/accelerated-mobile-pages/images/SD-default-image.png]
[www.yourpokerdream.com/online-poker/e-wallets/comparsion-neteller-vs-skrill-vs-ecopayz/amp/index.html]
[i.ytimg.com/vi/ID/hqdefault.jpg]
